core_cm4.h:1939:34:__NVIC_SystemReset	4	static,ignoring_inline_asm
stdio.h:214:5:fputc	16	static
main.c:161:5:main	24	static
main.c:443:6:SystemClock_Config	152	static
main.c:496:13:MX_ADC1_Init	24	static
main.c:546:13:MX_I2C1_Init	8	static
main.c:580:13:MX_I2C3_Init	8	static
main.c:614:13:MX_I2S2_Init	8	static
main.c:648:13:MX_RNG_Init	8	static
main.c:674:13:MX_TIM3_Init	56	static
main.c:723:13:MX_TIM4_Init	56	static
main.c:772:13:MX_USART1_UART_Init	8	static
main.c:803:13:MX_DMA_Init	16	static
main.c:824:13:MX_GPIO_Init	48	static
main.c:927:6:showFX	32	static
main.c:1022:6:clearFX	24	static
main.c:1049:6:updateAkku	40	static
main.c:1100:6:Error_Handler	4	static
