stm32f4xx_it.c:88:6:NMI_Handler	4	static
stm32f4xx_it.c:101:6:HardFault_Handler	4	static
stm32f4xx_it.c:116:6:MemManage_Handler	4	static
stm32f4xx_it.c:131:6:BusFault_Handler	4	static
stm32f4xx_it.c:146:6:UsageFault_Handler	4	static
stm32f4xx_it.c:161:6:SVC_Handler	4	static
stm32f4xx_it.c:174:6:DebugMon_Handler	4	static
stm32f4xx_it.c:187:6:PendSV_Handler	4	static
stm32f4xx_it.c:200:6:SysTick_Handler	8	static
stm32f4xx_it.c:221:6:EXTI0_IRQHandler	8	static
stm32f4xx_it.c:238:6:EXTI1_IRQHandler	8	static
stm32f4xx_it.c:254:6:DMA1_Stream3_IRQHandler	8	static
stm32f4xx_it.c:286:6:DMA1_Stream4_IRQHandler	8	static
stm32f4xx_it.c:304:6:EXTI15_10_IRQHandler	8	static
stm32f4xx_it.c:343:6:OTG_FS_IRQHandler	8	static
stm32f4xx_it.c:360:6:RNG_IRQHandler	8	static
